<testsuites name="jest tests" tests="4" failures="0" time="1.955">
  <testsuite name="undefined" errors="0" failures="0" skipped="0" timestamp="2021-12-17T21:42:06" time="1.955" tests="4">
    <testcase classname=" Initial articles render correctly" name=" Initial articles render correctly" time="0.038">
    </testcase>
    <testcase classname=" Clicking on top renders expected articles" name=" Clicking on top renders expected articles" time="0.016">
    </testcase>
    <testcase classname=" Clicking on newest renders expected articles" name=" Clicking on newest renders expected articles" time="0.014">
    </testcase>
    <testcase classname=" Sequence of navigation clicks renders expected artices" name=" Sequence of navigation clicks renders expected artices" time="0.026">
    </testcase>
  </testsuite>
</testsuites>